[2026-09-27 09:48:35.851] GET / 200 - 91ms
[2026-09-27 09:48:36.000] GET /favicon.ico 404 - 1ms
[2026-09-27 09:51:35.874] GET /about 200 - 1ms
[2026-09-27 09:54:14.194] GET /contacts 200 - 1ms
[2026-09-27 09:54:28.644] GET /api-docs 301 - 2ms
[2026-09-27 09:54:28.648] GET /api-docs/ 200 - 2ms
[2026-09-27 09:54:28.676] GET /api-docs/swagger-ui-init.js 200 - 2ms
[2026-09-27 09:54:28.671] GET /api-docs/swagger-ui.css 200 - 8ms
[2026-09-27 09:54:28.675] GET /api-docs/swagger-ui-standalone-preset.js 200 - 10ms
[2026-09-27 09:54:28.674] GET /api-docs/swagger-ui-bundle.js 200 - 29ms
[2026-09-27 09:55:16.360] POST /auth/login 200 - 61ms
[2026-09-27 10:02:16.065] GET /api/books 200 - 1ms
[2026-09-27 10:03:01.331] GET /api/books/1 200 - 1ms
[2026-09-27 10:03:27.473] GET /api/books/99999 401 - 1ms
[2026-09-27 10:03:39.272] GET /api/books/99999 404 - 1ms
[2026-09-27 10:04:18.214] GET /api/books?yearFrom=1800&yearTo=1900 200 - 0ms
[2026-09-27 10:04:30.723] GET /api/books?year=1817 200 - 1ms
[2026-09-27 10:04:53.665] GET /api/books?limit=10&page=2 200 - 0ms
[2026-09-27 10:05:42.790] POST /auth/login 200 - 55ms
[2026-09-27 10:06:01.227] GET /api/books 200 - 1ms
